C:/Users/lykan/Desktop/Github/MTRX2700/MTRX2700-2024/stm32f303-definitions/Core/Inc/core_cm4.h:1688:22:__NVIC_EnableIRQ	16	static
C:/Users/lykan/Desktop/Github/MTRX2700/MTRX2700-2024/stm32f303-definitions/Core/Inc/core_cm4.h:1816:22:__NVIC_SetPriority	16	static
../Src/button.c:4:6:enable_interrupt_button	8	static,ignoring_inline_asm
../Src/button.c:32:6:get_current_led	16	static
../Src/button.c:37:6:store_led	24	static
../Src/button.c:44:6:led_flag_on	4	static
../Src/button.c:49:6:led_flag_off	4	static
../Src/button.c:55:6:modify_led	24	static
