C:/Users/lykan/Desktop/Github/MTRX2700/MTRX2700-2024/stm32f303-definitions/Core/Inc/core_cm4.h:1688:22:__NVIC_EnableIRQ	16	static
C:/Users/lykan/Desktop/Github/MTRX2700/MTRX2700-2024/stm32f303-definitions/Core/Inc/core_cm4.h:1816:22:__NVIC_SetPriority	16	static
../Src/button.c:10:6:EXTI0_IRQHandler	8	static
../Src/button.c:20:6:enable_interrupt_button	8	static,ignoring_inline_asm
../Src/button.c:49:6:get_current_led	16	static
../Src/button.c:54:6:store_led	24	static
../Src/button.c:61:6:led_flag_on	4	static
../Src/button.c:67:6:led_flag_off	4	static
../Src/button.c:73:6:modify_led	16	static
../Src/button.c:94:6:led_start_up	8	static
../Src/button.c:103:6:flag_check	8	static
