Archive member included to satisfy reference by file (symbol)

/Applications/STM32CubeIDE.app/Contents/Eclipse/plugins/com.st.stm32cube.ide.mcu.externaltools.gnu-tools-for-stm32.11.3.rel1.macos64_1.1.100.202310310803/tools/bin/../lib/gcc/arm-none-eabi/11.3.1/../../../../arm-none-eabi/lib/thumb/v7e-m+fp/hard/libc_nano.a(libc_a-exit.o)
                              /Applications/STM32CubeIDE.app/Contents/Eclipse/plugins/com.st.stm32cube.ide.mcu.externaltools.gnu-tools-for-stm32.11.3.rel1.macos64_1.1.100.202310310803/tools/bin/../lib/gcc/arm-none-eabi/11.3.1/../../../../arm-none-eabi/lib/thumb/v7e-m+fp/hard/crt0.o (exit)
/Applications/STM32CubeIDE.app/Contents/Eclipse/plugins/com.st.stm32cube.ide.mcu.externaltools.gnu-tools-for-stm32.11.3.rel1.macos64_1.1.100.202310310803/tools/bin/../lib/gcc/arm-none-eabi/11.3.1/../../../../arm-none-eabi/lib/thumb/v7e-m+fp/hard/libc_nano.a(libc_a-findfp.o)
                              /Applications/STM32CubeIDE.app/Contents/Eclipse/plugins/com.st.stm32cube.ide.mcu.externaltools.gnu-tools-for-stm32.11.3.rel1.macos64_1.1.100.202310310803/tools/bin/../lib/gcc/arm-none-eabi/11.3.1/../../../../arm-none-eabi/lib/thumb/v7e-m+fp/hard/libc_nano.a(libc_a-exit.o) (__stdio_exit_handler)
/Applications/STM32CubeIDE.app/Contents/Eclipse/plugins/com.st.stm32cube.ide.mcu.externaltools.gnu-tools-for-stm32.11.3.rel1.macos64_1.1.100.202310310803/tools/bin/../lib/gcc/arm-none-eabi/11.3.1/../../../../arm-none-eabi/lib/thumb/v7e-m+fp/hard/libc_nano.a(libc_a-fwalk.o)
                              /Applications/STM32CubeIDE.app/Contents/Eclipse/plugins/com.st.stm32cube.ide.mcu.externaltools.gnu-tools-for-stm32.11.3.rel1.macos64_1.1.100.202310310803/tools/bin/../lib/gcc/arm-none-eabi/11.3.1/../../../../arm-none-eabi/lib/thumb/v7e-m+fp/hard/libc_nano.a(libc_a-findfp.o) (_fwalk_sglue)
/Applications/STM32CubeIDE.app/Contents/Eclipse/plugins/com.st.stm32cube.ide.mcu.externaltools.gnu-tools-for-stm32.11.3.rel1.macos64_1.1.100.202310310803/tools/bin/../lib/gcc/arm-none-eabi/11.3.1/../../../../arm-none-eabi/lib/thumb/v7e-m+fp/hard/libc_nano.a(libc_a-strncpy.o)
                              ./Src/serial.o (strncpy)
/Applications/STM32CubeIDE.app/Contents/Eclipse/plugins/com.st.stm32cube.ide.mcu.externaltools.gnu-tools-for-stm32.11.3.rel1.macos64_1.1.100.202310310803/tools/bin/../lib/gcc/arm-none-eabi/11.3.1/../../../../arm-none-eabi/lib/thumb/v7e-m+fp/hard/libc_nano.a(libc_a-memset.o)
                              /Applications/STM32CubeIDE.app/Contents/Eclipse/plugins/com.st.stm32cube.ide.mcu.externaltools.gnu-tools-for-stm32.11.3.rel1.macos64_1.1.100.202310310803/tools/bin/../lib/gcc/arm-none-eabi/11.3.1/../../../../arm-none-eabi/lib/thumb/v7e-m+fp/hard/crt0.o (memset)
/Applications/STM32CubeIDE.app/Contents/Eclipse/plugins/com.st.stm32cube.ide.mcu.externaltools.gnu-tools-for-stm32.11.3.rel1.macos64_1.1.100.202310310803/tools/bin/../lib/gcc/arm-none-eabi/11.3.1/../../../../arm-none-eabi/lib/thumb/v7e-m+fp/hard/libc_nano.a(libc_a-impure.o)
                              /Applications/STM32CubeIDE.app/Contents/Eclipse/plugins/com.st.stm32cube.ide.mcu.externaltools.gnu-tools-for-stm32.11.3.rel1.macos64_1.1.100.202310310803/tools/bin/../lib/gcc/arm-none-eabi/11.3.1/../../../../arm-none-eabi/lib/thumb/v7e-m+fp/hard/libc_nano.a(libc_a-findfp.o) (_impure_data)
/Applications/STM32CubeIDE.app/Contents/Eclipse/plugins/com.st.stm32cube.ide.mcu.externaltools.gnu-tools-for-stm32.11.3.rel1.macos64_1.1.100.202310310803/tools/bin/../lib/gcc/arm-none-eabi/11.3.1/../../../../arm-none-eabi/lib/thumb/v7e-m+fp/hard/libc_nano.a(libc_a-errno.o)
                              ./Src/syscalls.o (__errno)
/Applications/STM32CubeIDE.app/Contents/Eclipse/plugins/com.st.stm32cube.ide.mcu.externaltools.gnu-tools-for-stm32.11.3.rel1.macos64_1.1.100.202310310803/tools/bin/../lib/gcc/arm-none-eabi/11.3.1/../../../../arm-none-eabi/lib/thumb/v7e-m+fp/hard/libc_nano.a(libc_a-init.o)
                              /Applications/STM32CubeIDE.app/Contents/Eclipse/plugins/com.st.stm32cube.ide.mcu.externaltools.gnu-tools-for-stm32.11.3.rel1.macos64_1.1.100.202310310803/tools/bin/../lib/gcc/arm-none-eabi/11.3.1/../../../../arm-none-eabi/lib/thumb/v7e-m+fp/hard/crt0.o (__libc_init_array)
/Applications/STM32CubeIDE.app/Contents/Eclipse/plugins/com.st.stm32cube.ide.mcu.externaltools.gnu-tools-for-stm32.11.3.rel1.macos64_1.1.100.202310310803/tools/bin/../lib/gcc/arm-none-eabi/11.3.1/../../../../arm-none-eabi/lib/thumb/v7e-m+fp/hard/libc_nano.a(libc_a-lock.o)
                              /Applications/STM32CubeIDE.app/Contents/Eclipse/plugins/com.st.stm32cube.ide.mcu.externaltools.gnu-tools-for-stm32.11.3.rel1.macos64_1.1.100.202310310803/tools/bin/../lib/gcc/arm-none-eabi/11.3.1/../../../../arm-none-eabi/lib/thumb/v7e-m+fp/hard/libc_nano.a(libc_a-findfp.o) (__retarget_lock_init_recursive)
[...]
Memory Configuration

Name             Origin             Length             Attributes
CCMRAM           0x0000000010000000 0x0000000000002000 xrw
RAM              0x0000000020000000 0x000000000000a000 xrw
FLASH            0x0000000008000000 0x0000000000040000 xr
*default*        0x0000000000000000 0xffffffffffffffff

Linker script and memory map

LOAD /Applications/STM32CubeIDE.app/Contents/Eclipse/plugins/com.st.stm32cube.ide.mcu.externaltools.gnu-tools-for-stm32.11.3.rel1.macos64_1.1.100.202310310803/tools/bin/../lib/gcc/arm-none-eabi/11.3.1/thumb/v7e-m+fp/hard/crti.o
LOAD /Applications/STM32CubeIDE.app/Contents/Eclipse/plugins/com.st.stm32cube.ide.mcu.externaltools.gnu-tools-for-stm32.11.3.rel1.macos64_1.1.100.202310310803/tools/bin/../lib/gcc/arm-none-eabi/11.3.1/thumb/v7e-m+fp/hard/crtbegin.o
LOAD /Applications/STM32CubeIDE.app/Contents/Eclipse/plugins/com.st.stm32cube.ide.mcu.externaltools.gnu-tools-for-stm32.11.3.rel1.macos64_1.1.100.202310310803/tools/bin/../lib/gcc/arm-none-eabi/11.3.1/../../../../arm-none-eabi/lib/thumb/v7e-m+fp/hard/crt0.o
LOAD ./Src/main.o
LOAD ./Src/serial.o
LOAD ./Src/syscalls.o
LOAD ./Src/sysmem.o
LOAD ./Startup/startup_stm32f303vctx.o
START GROUP
LOAD /Applications/STM32CubeIDE.app/Contents/Eclipse/plugins/com.st.stm32cube.ide.mcu.externaltools.gnu-tools-for-stm32.11.3.rel1.macos64_1.1.100.202310310803/tools/bin/../lib/gcc/arm-none-eabi/11.3.1/../../../../arm-none-eabi/lib/thumb/v7e-m+fp/hard/libc_nano.a
LOAD /Applications/STM32CubeIDE.app/Contents/Eclipse/plugins/com.st.stm32cube.ide.mcu.externaltools.gnu-tools-for-stm32.11.3.rel1.macos64_1.1.100.202310310803/tools/bin/../lib/gcc/arm-none-eabi/11.3.1/../../../../arm-none-eabi/lib/thumb/v7e-m+fp/hard/libm.a
END GROUP
START GROUP
LOAD /Applications/STM32CubeIDE.app/Contents/Eclipse/plugins/com.st.stm32cube.ide.mcu.externaltools.gnu-tools-for-stm32.11.3.rel1.macos64_1.1.100.202310310803/tools/bin/../lib/gcc/arm-none-eabi/11.3.1/thumb/v7e-m+fp/hard/libgcc.a
LOAD /Applications/STM32CubeIDE.app/Contents/Eclipse/plugins/com.st.stm32cube.ide.mcu.externaltools.gnu-tools-for-stm32.11.3.rel1.macos64_1.1.100.202310310803/tools/bin/../lib/gcc/arm-none-eabi/11.3.1/../../../../arm-none-eabi/lib/thumb/v7e-m+fp/hard/libc_nano.a
END GROUP
START GROUP
LOAD /Applications/STM32CubeIDE.app/Contents/Eclipse/plugins/com.st.stm32cube.ide.mcu.externaltools.gnu-tools-for-stm32.11.3.rel1.macos64_1.1.100.202310310803/tools/bin/../lib/gcc/arm-none-eabi/11.3.1/thumb/v7e-m+fp/hard/libgcc.a
LOAD /Applications/STM32CubeIDE.app/Contents/Eclipse/plugins/com.st.stm32cube.ide.mcu.externaltools.gnu-tools-for-stm32.11.3.rel1.macos64_1.1.100.202310310803/tools/bin/../lib/gcc/arm-none-eabi/11.3.1/../../../../arm-none-eabi/lib/thumb/v7e-m+fp/hard/libc_nano.a
LOAD /Applications/STM32CubeIDE.app/Contents/Eclipse/plugins/com.st.stm32cube.ide.mcu.externaltools.gnu-tools-for-stm32.11.3.rel1.macos64_1.1.100.202310310803/tools/bin/../lib/gcc/arm-none-eabi/11.3.1/../../../../arm-none-eabi/lib/thumb/v7e-m+fp/hard/libnosys.a
END GROUP
START GROUP
LOAD /Applications/STM32CubeIDE.app/Contents/Eclipse/plugins/com.st.stm32cube.ide.mcu.externaltools.gnu-tools-for-stm32.11.3.rel1.macos64_1.1.100.202310310803/tools/bin/../lib/gcc/arm-none-eabi/11.3.1/thumb/v7e-m+fp/hard/libgcc.a
LOAD /Applications/STM32CubeIDE.app/Contents/Eclipse/plugins/com.st.stm32cube.ide.mcu.externaltools.gnu-tools-for-stm32.11.3.rel1.macos64_1.1.100.202310310803/tools/bin/../lib/gcc/arm-none-eabi/11.3.1/../../../../arm-none-eabi/lib/thumb/v7e-m+fp/hard/libc_nano.a
LOAD /Applications/STM32CubeIDE.app/Contents/Eclipse/plugins/com.st.stm32cube.ide.mcu.externaltools.gnu-tools-for-stm32.11.3.rel1.macos64_1.1.100.202310310803/tools/bin/../lib/gcc/arm-none-eabi/11.3.1/../../../../arm-none-eabi/lib/thumb/v7e-m+fp/hard/libnosys.a
END GROUP
LOAD /Applications/STM32CubeIDE.app/Contents/Eclipse/plugins/com.st.stm32cube.ide.mcu.externaltools.gnu-tools-for-stm32.11.3.rel1.macos64_1.1.100.202310310803/tools/bin/../lib/gcc/arm-none-eabi/11.3.1/thumb/v7e-m+fp/hard/crtend.o
LOAD /Applications/STM32CubeIDE.app/Contents/Eclipse/plugins/com.st.stm32cube.ide.mcu.externaltools.gnu-tools-for-stm32.11.3.rel1.macos64_1.1.100.202310310803/tools/bin/../lib/gcc/arm-none-eabi/11.3.1/thumb/v7e-m+fp/hard/crtn.o
                0x000000002000a000                _estack = (ORIGIN (RAM) + LENGTH (RAM))
                0x0000000000000200                _Min_Heap_Size = 0x200
                0x0000000000000400                _Min_Stack_Size = 0x400

.isr_vector     0x0000000008000000      0x194
                0x0000000008000000                . = ALIGN (0x4)
 *(.isr_vector)
 .isr_vector    0x0000000008000000      0x194 ./Startup/startup_stm32f303vctx.o
                0x0000000008000000                g_pfnVectors
                0x0000000008000194                . = ALIGN (0x4)

.text           0x0000000008000194      0x4a0
                0x0000000008000194                . = ALIGN (0x4)
 *(.text)
 .text          0x0000000008000194       0x40 /Applications/STM32CubeIDE.app/Contents/Eclipse/plugins/com.st.stm32cube.ide.mcu.externaltools.gnu-tools-for-stm32.11.3.rel1.macos64_1.1.100.202310310803/tools/bin/../lib/gcc/arm-none-eabi/11.3.1/thumb/v7e-m+fp/hard/crtbegin.o
 *(.text*)
 .text.main     0x00000000080001d4       0x28 ./Src/main.o
                0x00000000080001d4                main
 .text.__NVIC_EnableIRQ
                0x00000000080001fc       0x3c ./Src/serial.o
 .text.__NVIC_SetPriority
                0x0000000008000238       0x54 ./Src/serial.o
 .text.SerialInitialise
                0x000000000800028c       0xfc ./Src/serial.o
                0x000000000800028c                SerialInitialise
 .text.getChar  0x0000000008000388       0xe4 ./Src/serial.o
                0x0000000008000388                getChar
 .text.enable_uart_interrupt
                0x000000000800046c       0x44 ./Src/serial.o
                0x000000000800046c                enable_uart_interrupt
 .text.USART1_EXTI25_IRQHandler
                0x00000000080004b0       0x2c ./Src/serial.o
                0x00000000080004b0                USART1_EXTI25_IRQHandler
 .text.SerialOutputChar
                0x00000000080004dc       0x32 ./Src/serial.o
                0x00000000080004dc                SerialOutputChar
 .text.SerialOutputString
                0x000000000800050e       0x3a ./Src/serial.o
                0x000000000800050e                SerialOutputString
 .text.USART_callback
                0x0000000008000548       0x14 ./Src/serial.o
                0x0000000008000548                USART_callback
 .text.Reset_Handler
                0x000000000800055c       0x50 ./Startup/startup_stm32f303vctx.o
                0x000000000800055c                Reset_Handler
 .text.Default_Handler
                0x00000000080005ac        0x2 ./Startup/startup_stm32f303vctx.o
                0x00000000080005ac                TIM1_BRK_TIM15_IRQHandler
                0x00000000080005ac                TIM8_CC_IRQHandler
                0x00000000080005ac                DebugMon_Handler
                0x00000000080005ac                DMA1_CH4_IRQHandler
                0x00000000080005ac                SPI4_IRQHandler
                0x00000000080005ac                TIM1_CC_IRQHandler
                0x00000000080005ac                HardFault_Handler
                0x00000000080005ac                USB_HP_IRQHandler
                0x00000000080005ac                I2C2_EV_EXTI24_IRQHandler
                0x00000000080005ac                SysTick_Handler
                0x00000000080005ac                USB_WKUP_EXTI_IRQHandler
                0x00000000080005ac                PVD_IRQHandler
                0x00000000080005ac                UART4_EXTI34_IRQHandler
                0x00000000080005ac                TAMP_STAMP_IRQHandler
                0x00000000080005ac                PendSV_Handler
                0x00000000080005ac                NMI_Handler
                0x00000000080005ac                EXTI3_IRQHandler
                0x00000000080005ac                I2C3_ER_IRQHandler
                0x00000000080005ac                TIM6_DACUNDER_IRQHandler
                0x00000000080005ac                USB_HP_CAN_TX_IRQHandler
                0x00000000080005ac                EXTI0_IRQHandler
                0x00000000080005ac                DMA2_CH1_IRQHandler
                0x00000000080005ac                TIM1_UP_TIM16_IRQHandler
                0x00000000080005ac                UsageFault_Handler
                0x00000000080005ac                ADC1_2_IRQHandler
                0x00000000080005ac                SPI1_IRQHandler
                0x00000000080005ac                CAN_SCE_IRQHandler
                0x00000000080005ac                DMA1_CH7_IRQHandler
                0x00000000080005ac                TIM8_UP_IRQHandler
                0x00000000080005ac                COMP456_IRQHandler
                0x00000000080005ac                DMA1_CH6_IRQHandler
                0x00000000080005ac                TIM20_TRG_COM_IRQHandler
                0x00000000080005ac                ADC3_IRQHandler
                0x00000000080005ac                TIM4_IRQHandler
                0x00000000080005ac                CAN_RX1_IRQHandler
                0x00000000080005ac                DMA2_CH5_IRQHandler
                0x00000000080005ac                I2C1_EV_EXTI23_IRQHandler
                0x00000000080005ac                DMA1_CH3_IRQHandler
                0x00000000080005ac                TIM3_IRQHandler
                0x00000000080005ac                RCC_IRQHandler
                0x00000000080005ac                TIM20_UP_IRQHandler
                0x00000000080005ac                Default_Handler
                0x00000000080005ac                EXTI15_10_IRQHandler
                0x00000000080005ac                USART2_EXTI26_IRQHandler
                0x00000000080005ac                USART3_EXTI28_IRQHandler
                0x00000000080005ac                TIM7_IRQHandler
                0x00000000080005ac                I2C3_EV_IRQHandler
                0x00000000080005ac                EXTI9_5_IRQHandler
                0x00000000080005ac                DMA1_CH2_IRQHandler
                0x00000000080005ac                RTC_WKUP_IRQHandler
                0x00000000080005ac                SPI2_IRQHandler
                0x00000000080005ac                DMA1_CH1_IRQHandler
                0x00000000080005ac                USB_LP_CAN_RX0_IRQHandler
                0x00000000080005ac                MemManage_Handler
                0x00000000080005ac                COMP123_IRQHandler
                0x00000000080005ac                SVC_Handler
                0x00000000080005ac                USB_LP_IRQHandler
                0x00000000080005ac                EXTI4_IRQHandler
                0x00000000080005ac                TIM1_TRG_COM_TIM17_IRQHandler
                0x00000000080005ac                ADC4_IRQHandler
                0x00000000080005ac                WWDG_IRQHandler
                0x00000000080005ac                TIM2_IRQHandler
                0x00000000080005ac                COMP7_IRQHandler
                0x00000000080005ac                EXTI1_IRQHandler
                0x00000000080005ac                RTCAlarm_IRQHandler
                0x00000000080005ac                UART5_EXTI35_IRQHandler
                0x00000000080005ac                TIM20_BRK_IRQHandler
                0x00000000080005ac                I2C2_ER_IRQHandler
                0x00000000080005ac                TIM8_BRK_IRQHandler
                0x00000000080005ac                FLASH_IRQHandler
                0x00000000080005ac                TIM20_CC_IRQHandler
                0x00000000080005ac                BusFault_Handler
                0x00000000080005ac                SPI3_IRQHandler
                0x00000000080005ac                DMA2_CH3_IRQHandler
                0x00000000080005ac                DMA2_CH2_IRQHandler
                0x00000000080005ac                I2C1_ER_IRQHandler
                0x00000000080005ac                FMC_IRQHandler
                0x00000000080005ac                DMA1_CH5_IRQHandler
                0x00000000080005ac                DMA2_CH4_IRQHandler
                0x00000000080005ac                USB_WKUP_IRQHandler
                0x00000000080005ac                EXTI2_TSC_IRQHandler
                0x00000000080005ac                TIM8_TRG_COM_IRQHandler
 .text.strncpy  0x00000000080005ae       0x26 /Applications/STM32CubeIDE.app/Contents/Eclipse/plugins/com.st.stm32cube.ide.mcu.externaltools.gnu-tools-for-stm32.11.3.rel1.macos64_1.1.100.202310310803/tools/bin/../lib/gcc/arm-none-eabi/11.3.1/../../../../arm-none-eabi/lib/thumb/v7e-m+fp/hard/libc_nano.a(libc_a-strncpy.o)
                0x00000000080005ae                strncpy
 .text.__libc_init_array
                0x00000000080005d4       0x48 /Applications/STM32CubeIDE.app/Contents/Eclipse/plugins/com.st.stm32cube.ide.mcu.externaltools.gnu-tools-for-stm32.11.3.rel1.macos64_1.1.100.202310310803/tools/bin/../lib/gcc/arm-none-eabi/11.3.1/../../../../arm-none-eabi/lib/thumb/v7e-m+fp/hard/libc_nano.a(libc_a-init.o)
                0x00000000080005d4                __libc_init_array
 *(.glue_7)
 .glue_7        0x000000000800061c        0x0 linker stubs
 *(.glue_7t)
 .glue_7t       0x000000000800061c        0x0 linker stubs
 *(.eh_frame)
 .eh_frame      0x000000000800061c        0x0 /Applications/STM32CubeIDE.app/Contents/Eclipse/plugins/com.st.stm32cube.ide.mcu.externaltools.gnu-tools-for-stm32.11.3.rel1.macos64_1.1.100.202310310803/tools/bin/../lib/gcc/arm-none-eabi/11.3.1/thumb/v7e-m+fp/hard/crtbegin.o
 *(.init)
 .init          0x000000000800061c        0x4 /Applications/STM32CubeIDE.app/Contents/Eclipse/plugins/com.st.stm32cube.ide.mcu.externaltools.gnu-tools-for-stm32.11.3.rel1.macos64_1.1.100.202310310803/tools/bin/../lib/gcc/arm-none-eabi/11.3.1/thumb/v7e-m+fp/hard/crti.o
                0x000000000800061c                _init
 .init          0x0000000008000620        0x8 /Applications/STM32CubeIDE.app/Contents/Eclipse/plugins/com.st.stm32cube.ide.mcu.externaltools.gnu-tools-for-stm32.11.3.rel1.macos64_1.1.100.202310310803/tools/bin/../lib/gcc/arm-none-eabi/11.3.1/thumb/v7e-m+fp/hard/crtn.o
 *(.fini)
 .fini          0x0000000008000628        0x4 /Applications/STM32CubeIDE.app/Contents/Eclipse/plugins/com.st.stm32cube.ide.mcu.externaltools.gnu-tools-for-stm32.11.3.rel1.macos64_1.1.100.202310310803/tools/bin/../lib/gcc/arm-none-eabi/11.3.1/thumb/v7e-m+fp/hard/crti.o
                0x0000000008000628                _fini
 .fini          0x000000000800062c        0x8 /Applications/STM32CubeIDE.app/Contents/Eclipse/plugins/com.st.stm32cube.ide.mcu.externaltools.gnu-tools-for-stm32.11.3.rel1.macos64_1.1.100.202310310803/tools/bin/../lib/gcc/arm-none-eabi/11.3.1/thumb/v7e-m+fp/hard/crtn.o
                0x0000000008000634                . = ALIGN (0x4)
                0x0000000008000634                _etext = .

.vfp11_veneer   0x0000000008000634        0x0
 .vfp11_veneer  0x0000000008000634        0x0 linker stubs

.v4_bx          0x0000000008000634        0x0
 .v4_bx         0x0000000008000634        0x0 linker stubs

.iplt           0x0000000008000634        0x0
 .iplt          0x0000000008000634        0x0 /Applications/STM32CubeIDE.app/Contents/Eclipse/plugins/com.st.stm32cube.ide.mcu.externaltools.gnu-tools-for-stm32.11.3.rel1.macos64_1.1.100.202310310803/tools/bin/../lib/gcc/arm-none-eabi/11.3.1/thumb/v7e-m+fp/hard/crtbegin.o

.rodata         0x0000000008000634       0x14
                0x0000000008000634                . = ALIGN (0x4)
 *(.rodata)
 .rodata        0x0000000008000634       0x14 ./Src/main.o
 *(.rodata*)
                0x0000000008000648                . = ALIGN (0x4)

.rel.dyn        0x0000000008000648        0x0
 .rel.iplt      0x0000000008000648        0x0 /Applications/STM32CubeIDE.app/Contents/Eclipse/plugins/com.st.stm32cube.ide.mcu.externaltools.gnu-tools-for-stm32.11.3.rel1.macos64_1.1.100.202310310803/tools/bin/../lib/gcc/arm-none-eabi/11.3.1/thumb/v7e-m+fp/hard/crtbegin.o

.ARM.extab      0x0000000008000648        0x0
                0x0000000008000648                . = ALIGN (0x4)
 *(.ARM.extab* .gnu.linkonce.armextab.*)
                0x0000000008000648                . = ALIGN (0x4)

.ARM            0x0000000008000648        0x0
                0x0000000008000648                . = ALIGN (0x4)
                0x0000000008000648                __exidx_start = .
 *(.ARM.exidx*)
                0x0000000008000648                __exidx_end = .
                0x0000000008000648                . = ALIGN (0x4)

.preinit_array  0x0000000008000648        0x0
                0x0000000008000648                . = ALIGN (0x4)
                0x0000000008000648                PROVIDE (__preinit_array_start = .)
 *(.preinit_array*)
                0x0000000008000648                PROVIDE (__preinit_array_end = .)
                0x0000000008000648                . = ALIGN (0x4)

.init_array     0x0000000008000648        0x4
                0x0000000008000648                . = ALIGN (0x4)
                0x0000000008000648                PROVIDE (__init_array_start = .)
 *(SORT_BY_NAME(.init_array.*))
 *(.init_array*)
 .init_array    0x0000000008000648        0x4 /Applications/STM32CubeIDE.app/Contents/Eclipse/plugins/com.st.stm32cube.ide.mcu.externaltools.gnu-tools-for-stm32.11.3.rel1.macos64_1.1.100.202310310803/tools/bin/../lib/gcc/arm-none-eabi/11.3.1/thumb/v7e-m+fp/hard/crtbegin.o
                0x000000000800064c                PROVIDE (__init_array_end = .)
                0x000000000800064c                . = ALIGN (0x4)

.fini_array     0x000000000800064c        0x4
                0x000000000800064c                . = ALIGN (0x4)
                [!provide]                        PROVIDE (__fini_array_start = .)
 *(SORT_BY_NAME(.fini_array.*))
 *(.fini_array*)
 .fini_array    0x000000000800064c        0x4 /Applications/STM32CubeIDE.app/Contents/Eclipse/plugins/com.st.stm32cube.ide.mcu.externaltools.gnu-tools-for-stm32.11.3.rel1.macos64_1.1.100.202310310803/tools/bin/../lib/gcc/arm-none-eabi/11.3.1/thumb/v7e-m+fp/hard/crtbegin.o
                [!provide]                        PROVIDE (__fini_array_end = .)
                0x0000000008000650                . = ALIGN (0x4)
                0x0000000008000650                _sidata = LOADADDR (.data)

.data           0x0000000020000000       0x28 load address 0x0000000008000650
                0x0000000020000000                . = ALIGN (0x4)
                0x0000000020000000                _sdata = .
 *(.data)
 *(.data*)
 .data.USART1_PORT
                0x0000000020000000       0x28 ./Src/serial.o
                0x0000000020000000                USART1_PORT
 *(.RamFunc)
 *(.RamFunc*)
                0x0000000020000028                . = ALIGN (0x4)
                0x0000000020000028                _edata = .
                0x0000000008000678                _siccmram = LOADADDR (.ccmram)

.igot.plt       0x0000000020000028        0x0 load address 0x0000000008000678
 .igot.plt      0x0000000020000028        0x0 /Applications/STM32CubeIDE.app/Contents/Eclipse/plugins/com.st.stm32cube.ide.mcu.externaltools.gnu-tools-for-stm32.11.3.rel1.macos64_1.1.100.202310310803/tools/bin/../lib/gcc/arm-none-eabi/11.3.1/thumb/v7e-m+fp/hard/crtbegin.o

.ccmram         0x0000000010000000        0x0 load address 0x0000000008000678
                0x0000000010000000                . = ALIGN (0x4)
                0x0000000010000000                _sccmram = .
 *(.ccmram)
 *(.ccmram*)
                0x0000000010000000                . = ALIGN (0x4)
                0x0000000010000000                _eccmram = .
                0x0000000010000000                . = ALIGN (0x4)

.bss            0x0000000020000028      0x164
                0x0000000020000028                _sbss = .
                0x0000000020000028                __bss_start__ = _sbss
 *(.bss)
 .bss           0x0000000020000028       0x1c /Applications/STM32CubeIDE.app/Contents/Eclipse/plugins/com.st.stm32cube.ide.mcu.externaltools.gnu-tools-for-stm32.11.3.rel1.macos64_1.1.100.202310310803/tools/bin/../lib/gcc/arm-none-eabi/11.3.1/thumb/v7e-m+fp/hard/crtbegin.o
 *(.bss*)
 .bss.buffer    0x0000000020000044       0xa0 ./Src/serial.o
                0x0000000020000044                buffer
 .bss.last_word
                0x00000000200000e4       0xa0 ./Src/serial.o
                0x00000000200000e4                last_word
 .bss.i         0x0000000020000184        0x4 ./Src/serial.o
                0x0000000020000184                i
 .bss.on_key_input
                0x0000000020000188        0x4 ./Src/serial.o
                0x0000000020000188                on_key_input
 *(COMMON)
                0x000000002000018c                . = ALIGN (0x4)
                0x000000002000018c                _ebss = .
                0x000000002000018c                __bss_end__ = _ebss

._user_heap_stack
                0x000000002000018c      0x604
                0x0000000020000190                . = ALIGN (0x8)
 *fill*         0x000000002000018c        0x4 
                [!provide]                        PROVIDE (end = .)
                0x0000000020000190                PROVIDE (_end = .)
                0x0000000020000390                . = (. + _Min_Heap_Size)
 *fill*         0x0000000020000190      0x200 
                0x0000000020000790                . = (. + _Min_Stack_Size)
 *fill*         0x0000000020000390      0x400 
                0x0000000020000790                . = ALIGN (0x8)

/DISCARD/
 libc.a(*)
 libm.a(*)
 libgcc.a(*)

.ARM.attributes
                0x0000000000000000       0x30
 *(.ARM.attributes)
 .ARM.attributes
                0x0000000000000000       0x1e /Applications/STM32CubeIDE.app/Contents/Eclipse/plugins/com.st.stm32cube.ide.mcu.externaltools.gnu-tools-for-stm32.11.3.rel1.macos64_1.1.100.202310310803/tools/bin/../lib/gcc/arm-none-eabi/11.3.1/thumb/v7e-m+fp/hard/crti.o
 .ARM.attributes
                0x000000000000001e       0x34 /Applications/STM32CubeIDE.app/Contents/Eclipse/plugins/com.st.stm32cube.ide.mcu.externaltools.gnu-tools-for-stm32.11.3.rel1.macos64_1.1.100.202310310803/tools/bin/../lib/gcc/arm-none-eabi/11.3.1/thumb/v7e-m+fp/hard/crtbegin.o
 .ARM.attributes
                0x0000000000000052       0x34 ./Src/main.o
 .ARM.attributes
                0x0000000000000086       0x34 ./Src/serial.o
 .ARM.attributes
                0x00000000000000ba       0x21 ./Startup/startup_stm32f303vctx.o
 .ARM.attributes
                0x00000000000000db       0x34 /Applications/STM32CubeIDE.app/Contents/Eclipse/plugins/com.st.stm32cube.ide.mcu.externaltools.gnu-tools-for-stm32.11.3.rel1.macos64_1.1.100.202310310803/tools/bin/../lib/gcc/arm-none-eabi/11.3.1/../../../../arm-none-eabi/lib/thumb/v7e-m+fp/hard/libc_nano.a(libc_a-strncpy.o)
 .ARM.attributes
                0x000000000000010f       0x34 /Applications/STM32CubeIDE.app/Contents/Eclipse/plugins/com.st.stm32cube.ide.mcu.externaltools.gnu-tools-for-stm32.11.3.rel1.macos64_1.1.100.202310310803/tools/bin/../lib/gcc/arm-none-eabi/11.3.1/../../../../arm-none-eabi/lib/thumb/v7e-m+fp/hard/libc_nano.a(libc_a-init.o)
 .ARM.attributes
                0x0000000000000143       0x1e /Applications/STM32CubeIDE.app/Contents/Eclipse/plugins/com.st.stm32cube.ide.mcu.externaltools.gnu-tools-for-stm32.11.3.rel1.macos64_1.1.100.202310310803/tools/bin/../lib/gcc/arm-none-eabi/11.3.1/thumb/v7e-m+fp/hard/crtn.o
OUTPUT(C_LAB_TASK_2.elf elf32-littlearm)
LOAD linker stubs
LOAD /Applications/STM32CubeIDE.app/Contents/Eclipse/plugins/com.st.stm32cube.ide.mcu.externaltools.gnu-tools-for-stm32.11.3.rel1.macos64_1.1.100.202310310803/tools/bin/../lib/gcc/arm-none-eabi/11.3.1/../../../../arm-none-eabi/lib/thumb/v7e-m+fp/hard/libc.a
LOAD /Applications/STM32CubeIDE.app/Contents/Eclipse/plugins/com.st.stm32cube.ide.mcu.externaltools.gnu-tools-for-stm32.11.3.rel1.macos64_1.1.100.202310310803/tools/bin/../lib/gcc/arm-none-eabi/11.3.1/../../../../arm-none-eabi/lib/thumb/v7e-m+fp/hard/libm.a
LOAD /Applications/STM32CubeIDE.app/Contents/Eclipse/plugins/com.st.stm32cube.ide.mcu.externaltools.gnu-tools-for-stm32.11.3.rel1.macos64_1.1.100.202310310803/tools/bin/../lib/gcc/arm-none-eabi/11.3.1/thumb/v7e-m+fp/hard/libgcc.a

.comment        0x0000000000000000       0x43
 .comment       0x0000000000000000       0x43 /Applications/STM32CubeIDE.app/Contents/Eclipse/plugins/com.st.stm32cube.ide.mcu.externaltools.gnu-tools-for-stm32.11.3.rel1.macos64_1.1.100.202310310803/tools/bin/../lib/gcc/arm-none-eabi/11.3.1/thumb/v7e-m+fp/hard/crtbegin.o
                                         0x44 (size before relaxing)
 .comment       0x0000000000000043       0x44 ./Src/main.o
 .comment       0x0000000000000043       0x44 ./Src/serial.o

.debug_info     0x0000000000000000      0xd2a
 .debug_info    0x0000000000000000      0x173 ./Src/main.o
 .debug_info    0x0000000000000173      0xb94 ./Src/serial.o
 .debug_info    0x0000000000000d07       0x23 ./Startup/startup_stm32f303vctx.o

.debug_abbrev   0x0000000000000000      0x37f
 .debug_abbrev  0x0000000000000000       0xd0 ./Src/main.o
 .debug_abbrev  0x00000000000000d0      0x29d ./Src/serial.o
 .debug_abbrev  0x000000000000036d       0x12 ./Startup/startup_stm32f303vctx.o

.debug_aranges  0x0000000000000000       0xa8
 .debug_aranges
                0x0000000000000000       0x20 ./Src/main.o
 .debug_aranges
                0x0000000000000020       0x60 ./Src/serial.o
 .debug_aranges
                0x0000000000000080       0x28 ./Startup/startup_stm32f303vctx.o

.debug_rnglists
                0x0000000000000000       0x71
 .debug_rnglists
                0x0000000000000000       0x13 ./Src/main.o
 .debug_rnglists
                0x0000000000000013       0x45 ./Src/serial.o
 .debug_rnglists
                0x0000000000000058       0x19 ./Startup/startup_stm32f303vctx.o

.debug_macro    0x0000000000000000    0x15c46
 .debug_macro   0x0000000000000000      0x1e3 ./Src/main.o
 .debug_macro   0x00000000000001e3      0xab4 ./Src/main.o
 .debug_macro   0x0000000000000c97       0x22 ./Src/main.o
 .debug_macro   0x0000000000000cb9       0x8e ./Src/main.o
 .debug_macro   0x0000000000000d47       0x51 ./Src/main.o
 .debug_macro   0x0000000000000d98      0x103 ./Src/main.o
 .debug_macro   0x0000000000000e9b       0x6a ./Src/main.o
 .debug_macro   0x0000000000000f05      0x1df ./Src/main.o
 .debug_macro   0x00000000000010e4       0x61 ./Src/main.o
 .debug_macro   0x0000000000001145       0x2a ./Src/main.o
 .debug_macro   0x000000000000116f       0x43 ./Src/main.o
 .debug_macro   0x00000000000011b2       0x34 ./Src/main.o
 .debug_macro   0x00000000000011e6       0x16 ./Src/main.o
 .debug_macro   0x00000000000011fc       0x97 ./Src/main.o
 .debug_macro   0x0000000000001293      0x369 ./Src/main.o
 .debug_macro   0x00000000000015fc       0xfd ./Src/main.o
 .debug_macro   0x00000000000016f9       0x10 ./Src/main.o
 .debug_macro   0x0000000000001709       0x16 ./Src/main.o
 .debug_macro   0x000000000000171f       0x43 ./Src/main.o
 .debug_macro   0x0000000000001762       0x34 ./Src/main.o
 .debug_macro   0x0000000000001796       0x10 ./Src/main.o
 .debug_macro   0x00000000000017a6       0x58 ./Src/main.o
 .debug_macro   0x00000000000017fe       0x8e ./Src/main.o
 .debug_macro   0x000000000000188c       0x1c ./Src/main.o
 .debug_macro   0x00000000000018a8      0x177 ./Src/main.o
 .debug_macro   0x0000000000001a1f       0x16 ./Src/main.o
 .debug_macro   0x0000000000001a35       0x16 ./Src/main.o
 .debug_macro   0x0000000000001a4b      0x147 ./Src/main.o
 .debug_macro   0x0000000000001b92       0x16 ./Src/main.o
 .debug_macro   0x0000000000001ba8       0x35 ./Src/main.o
 .debug_macro   0x0000000000001bdd       0x16 ./Src/main.o
 .debug_macro   0x0000000000001bf3       0x29 ./Src/main.o
 .debug_macro   0x0000000000001c1c       0x28 ./Src/main.o
 .debug_macro   0x0000000000001c44       0x1c ./Src/main.o
 .debug_macro   0x0000000000001c60       0x22 ./Src/main.o
 .debug_macro   0x0000000000001c82       0xd9 ./Src/main.o
 .debug_macro   0x0000000000001d5b     0x102d ./Src/main.o
 .debug_macro   0x0000000000002d88      0x11f ./Src/main.o
 .debug_macro   0x0000000000002ea7    0x12a3a ./Src/main.o
 .debug_macro   0x00000000000158e1       0x1c ./Src/main.o
 .debug_macro   0x00000000000158fd      0x1a5 ./Src/serial.o
 .debug_macro   0x0000000000015aa2      0x174 ./Src/serial.o
 .debug_macro   0x0000000000015c16       0x10 ./Src/serial.o
 .debug_macro   0x0000000000015c26       0x20 ./Src/serial.o

.debug_line     0x0000000000000000      0xf00
 .debug_line    0x0000000000000000      0x618 ./Src/main.o
 .debug_line    0x0000000000000618      0x86d ./Src/serial.o
 .debug_line    0x0000000000000e85       0x7b ./Startup/startup_stm32f303vctx.o

.debug_str      0x0000000000000000    0x762fa
 .debug_str     0x0000000000000000    0x75c51 ./Src/main.o
                                      0x75e5a (size before relaxing)
 .debug_str     0x0000000000075c51      0x67a ./Src/serial.o
                                      0x75ef0 (size before relaxing)
 .debug_str     0x00000000000762cb       0x2f ./Startup/startup_stm32f303vctx.o
                                         0x6e (size before relaxing)

.debug_frame    0x0000000000000000      0x1e8
 .debug_frame   0x0000000000000000       0x30 ./Src/main.o
 .debug_frame   0x0000000000000030      0x164 ./Src/serial.o
 .debug_frame   0x0000000000000194       0x28 /Applications/STM32CubeIDE.app/Contents/Eclipse/plugins/com.st.stm32cube.ide.mcu.externaltools.gnu-tools-for-stm32.11.3.rel1.macos64_1.1.100.202310310803/tools/bin/../lib/gcc/arm-none-eabi/11.3.1/../../../../arm-none-eabi/lib/thumb/v7e-m+fp/hard/libc_nano.a(libc_a-strncpy.o)
 .debug_frame   0x00000000000001bc       0x2c /Applications/STM32CubeIDE.app/Contents/Eclipse/plugins/com.st.stm32cube.ide.mcu.externaltools.gnu-tools-for-stm32.11.3.rel1.macos64_1.1.100.202310310803/tools/bin/../lib/gcc/arm-none-eabi/11.3.1/../../../../arm-none-eabi/lib/thumb/v7e-m+fp/hard/libc_nano.a(libc_a-init.o)

.debug_line_str
                0x0000000000000000       0x62
 .debug_line_str
                0x0000000000000000       0x62 ./Startup/startup_stm32f303vctx.o
                                         0x7a (size before relaxing)
