Archive member included to satisfy reference by file (symbol)

C:/ST/STM32CubeIDE_1.14.1/STM32CubeIDE/plugins/com.st.stm32cube.ide.mcu.externaltools.gnu-tools-for-stm32.12.3.rel1.win32_1.0.100.202403111256/tools/bin/../lib/gcc/arm-none-eabi/12.3.1/../../../../arm-none-eabi/lib/thumb/v7e-m+fp/hard\libc_nano.a(libc_a-exit.o)
                              C:/ST/STM32CubeIDE_1.14.1/STM32CubeIDE/plugins/com.st.stm32cube.ide.mcu.externaltools.gnu-tools-for-stm32.12.3.rel1.win32_1.0.100.202403111256/tools/bin/../lib/gcc/arm-none-eabi/12.3.1/../../../../arm-none-eabi/lib/thumb/v7e-m+fp/hard/crt0.o (exit)
C:/ST/STM32CubeIDE_1.14.1/STM32CubeIDE/plugins/com.st.stm32cube.ide.mcu.externaltools.gnu-tools-for-stm32.12.3.rel1.win32_1.0.100.202403111256/tools/bin/../lib/gcc/arm-none-eabi/12.3.1/../../../../arm-none-eabi/lib/thumb/v7e-m+fp/hard\libc_nano.a(libc_a-findfp.o)
                              C:/ST/STM32CubeIDE_1.14.1/STM32CubeIDE/plugins/com.st.stm32cube.ide.mcu.externaltools.gnu-tools-for-stm32.12.3.rel1.win32_1.0.100.202403111256/tools/bin/../lib/gcc/arm-none-eabi/12.3.1/../../../../arm-none-eabi/lib/thumb/v7e-m+fp/hard\libc_nano.a(libc_a-exit.o) (__stdio_exit_handler)
C:/ST/STM32CubeIDE_1.14.1/STM32CubeIDE/plugins/com.st.stm32cube.ide.mcu.externaltools.gnu-tools-for-stm32.12.3.rel1.win32_1.0.100.202403111256/tools/bin/../lib/gcc/arm-none-eabi/12.3.1/../../../../arm-none-eabi/lib/thumb/v7e-m+fp/hard\libc_nano.a(libc_a-fwalk.o)
                              C:/ST/STM32CubeIDE_1.14.1/STM32CubeIDE/plugins/com.st.stm32cube.ide.mcu.externaltools.gnu-tools-for-stm32.12.3.rel1.win32_1.0.100.202403111256/tools/bin/../lib/gcc/arm-none-eabi/12.3.1/../../../../arm-none-eabi/lib/thumb/v7e-m+fp/hard\libc_nano.a(libc_a-findfp.o) (_fwalk_sglue)
C:/ST/STM32CubeIDE_1.14.1/STM32CubeIDE/plugins/com.st.stm32cube.ide.mcu.externaltools.gnu-tools-for-stm32.12.3.rel1.win32_1.0.100.202403111256/tools/bin/../lib/gcc/arm-none-eabi/12.3.1/../../../../arm-none-eabi/lib/thumb/v7e-m+fp/hard\libc_nano.a(libc_a-stdio.o)
                              C:/ST/STM32CubeIDE_1.14.1/STM32CubeIDE/plugins/com.st.stm32cube.ide.mcu.externaltools.gnu-tools-for-stm32.12.3.rel1.win32_1.0.100.202403111256/tools/bin/../lib/gcc/arm-none-eabi/12.3.1/../../../../arm-none-eabi/lib/thumb/v7e-m+fp/hard\libc_nano.a(libc_a-findfp.o) (__sread)
C:/ST/STM32CubeIDE_1.14.1/STM32CubeIDE/plugins/com.st.stm32cube.ide.mcu.externaltools.gnu-tools-for-stm32.12.3.rel1.win32_1.0.100.202403111256/tools/bin/../lib/gcc/arm-none-eabi/12.3.1/../../../../arm-none-eabi/lib/thumb/v7e-m+fp/hard\libc_nano.a(libc_a-memset.o)
                              C:/ST/STM32CubeIDE_1.14.1/STM32CubeIDE/plugins/com.st.stm32cube.ide.mcu.externaltools.gnu-tools-for-stm32.12.3.rel1.win32_1.0.100.202403111256/tools/bin/../lib/gcc/arm-none-eabi/12.3.1/../../../../arm-none-eabi/lib/thumb/v7e-m+fp/hard/crt0.o (memset)
C:/ST/STM32CubeIDE_1.14.1/STM32CubeIDE/plugins/com.st.stm32cube.ide.mcu.externaltools.gnu-tools-for-stm32.12.3.rel1.win32_1.0.100.202403111256/tools/bin/../lib/gcc/arm-none-eabi/12.3.1/../../../../arm-none-eabi/lib/thumb/v7e-m+fp/hard\libc_nano.a(libc_a-closer.o)
                              C:/ST/STM32CubeIDE_1.14.1/STM32CubeIDE/plugins/com.st.stm32cube.ide.mcu.externaltools.gnu-tools-for-stm32.12.3.rel1.win32_1.0.100.202403111256/tools/bin/../lib/gcc/arm-none-eabi/12.3.1/../../../../arm-none-eabi/lib/thumb/v7e-m+fp/hard\libc_nano.a(libc_a-stdio.o) (_close_r)
C:/ST/STM32CubeIDE_1.14.1/STM32CubeIDE/plugins/com.st.stm32cube.ide.mcu.externaltools.gnu-tools-for-stm32.12.3.rel1.win32_1.0.100.202403111256/tools/bin/../lib/gcc/arm-none-eabi/12.3.1/../../../../arm-none-eabi/lib/thumb/v7e-m+fp/hard\libc_nano.a(libc_a-reent.o)
                              C:/ST/STM32CubeIDE_1.14.1/STM32CubeIDE/plugins/com.st.stm32cube.ide.mcu.externaltools.gnu-tools-for-stm32.12.3.rel1.win32_1.0.100.202403111256/tools/bin/../lib/gcc/arm-none-eabi/12.3.1/../../../../arm-none-eabi/lib/thumb/v7e-m+fp/hard\libc_nano.a(libc_a-closer.o) (errno)
C:/ST/STM32CubeIDE_1.14.1/STM32CubeIDE/plugins/com.st.stm32cube.ide.mcu.externaltools.gnu-tools-for-stm32.12.3.rel1.win32_1.0.100.202403111256/tools/bin/../lib/gcc/arm-none-eabi/12.3.1/../../../../arm-none-eabi/lib/thumb/v7e-m+fp/hard\libc_nano.a(libc_a-impure.o)
                              C:/ST/STM32CubeIDE_1.14.1/STM32CubeIDE/plugins/com.st.stm32cube.ide.mcu.externaltools.gnu-tools-for-stm32.12.3.rel1.win32_1.0.100.202403111256/tools/bin/../lib/gcc/arm-none-eabi/12.3.1/../../../../arm-none-eabi/lib/thumb/v7e-m+fp/hard\libc_nano.a(libc_a-reent.o) (_impure_ptr)
C:/ST/STM32CubeIDE_1.14.1/STM32CubeIDE/plugins/com.st.stm32cube.ide.mcu.externaltools.gnu-tools-for-stm32.12.3.rel1.win32_1.0.100.202403111256/tools/bin/../lib/gcc/arm-none-eabi/12.3.1/../../../../arm-none-eabi/lib/thumb/v7e-m+fp/hard\libc_nano.a(libc_a-lseekr.o)
[...]
Memory Configuration

Name             Origin             Length             Attributes
CCMRAM           0x10000000         0x00002000         xrw
RAM              0x20000000         0x0000a000         xrw
FLASH            0x08000000         0x00040000         xr
*default*        0x00000000         0xffffffff

Linker script and memory map

LOAD C:/ST/STM32CubeIDE_1.14.1/STM32CubeIDE/plugins/com.st.stm32cube.ide.mcu.externaltools.gnu-tools-for-stm32.12.3.rel1.win32_1.0.100.202403111256/tools/bin/../lib/gcc/arm-none-eabi/12.3.1/thumb/v7e-m+fp/hard/crti.o
LOAD C:/ST/STM32CubeIDE_1.14.1/STM32CubeIDE/plugins/com.st.stm32cube.ide.mcu.externaltools.gnu-tools-for-stm32.12.3.rel1.win32_1.0.100.202403111256/tools/bin/../lib/gcc/arm-none-eabi/12.3.1/thumb/v7e-m+fp/hard/crtbegin.o
LOAD C:/ST/STM32CubeIDE_1.14.1/STM32CubeIDE/plugins/com.st.stm32cube.ide.mcu.externaltools.gnu-tools-for-stm32.12.3.rel1.win32_1.0.100.202403111256/tools/bin/../lib/gcc/arm-none-eabi/12.3.1/../../../../arm-none-eabi/lib/thumb/v7e-m+fp/hard/crt0.o
LOAD ./Src/initialisation.o
LOAD ./Src/main.o
LOAD ./Src/syscalls.o
LOAD ./Src/sysmem.o
LOAD ./Startup/startup_stm32f303vctx.o
START GROUP
LOAD C:/ST/STM32CubeIDE_1.14.1/STM32CubeIDE/plugins/com.st.stm32cube.ide.mcu.externaltools.gnu-tools-for-stm32.12.3.rel1.win32_1.0.100.202403111256/tools/bin/../lib/gcc/arm-none-eabi/12.3.1/../../../../arm-none-eabi/lib/thumb/v7e-m+fp/hard\libc_nano.a
LOAD C:/ST/STM32CubeIDE_1.14.1/STM32CubeIDE/plugins/com.st.stm32cube.ide.mcu.externaltools.gnu-tools-for-stm32.12.3.rel1.win32_1.0.100.202403111256/tools/bin/../lib/gcc/arm-none-eabi/12.3.1/../../../../arm-none-eabi/lib/thumb/v7e-m+fp/hard\libm.a
END GROUP
START GROUP
LOAD C:/ST/STM32CubeIDE_1.14.1/STM32CubeIDE/plugins/com.st.stm32cube.ide.mcu.externaltools.gnu-tools-for-stm32.12.3.rel1.win32_1.0.100.202403111256/tools/bin/../lib/gcc/arm-none-eabi/12.3.1/thumb/v7e-m+fp/hard\libgcc.a
LOAD C:/ST/STM32CubeIDE_1.14.1/STM32CubeIDE/plugins/com.st.stm32cube.ide.mcu.externaltools.gnu-tools-for-stm32.12.3.rel1.win32_1.0.100.202403111256/tools/bin/../lib/gcc/arm-none-eabi/12.3.1/../../../../arm-none-eabi/lib/thumb/v7e-m+fp/hard\libc_nano.a
END GROUP
START GROUP
LOAD C:/ST/STM32CubeIDE_1.14.1/STM32CubeIDE/plugins/com.st.stm32cube.ide.mcu.externaltools.gnu-tools-for-stm32.12.3.rel1.win32_1.0.100.202403111256/tools/bin/../lib/gcc/arm-none-eabi/12.3.1/thumb/v7e-m+fp/hard\libgcc.a
LOAD C:/ST/STM32CubeIDE_1.14.1/STM32CubeIDE/plugins/com.st.stm32cube.ide.mcu.externaltools.gnu-tools-for-stm32.12.3.rel1.win32_1.0.100.202403111256/tools/bin/../lib/gcc/arm-none-eabi/12.3.1/../../../../arm-none-eabi/lib/thumb/v7e-m+fp/hard\libc_nano.a
LOAD C:/ST/STM32CubeIDE_1.14.1/STM32CubeIDE/plugins/com.st.stm32cube.ide.mcu.externaltools.gnu-tools-for-stm32.12.3.rel1.win32_1.0.100.202403111256/tools/bin/../lib/gcc/arm-none-eabi/12.3.1/../../../../arm-none-eabi/lib/thumb/v7e-m+fp/hard\libnosys.a
END GROUP
START GROUP
LOAD C:/ST/STM32CubeIDE_1.14.1/STM32CubeIDE/plugins/com.st.stm32cube.ide.mcu.externaltools.gnu-tools-for-stm32.12.3.rel1.win32_1.0.100.202403111256/tools/bin/../lib/gcc/arm-none-eabi/12.3.1/thumb/v7e-m+fp/hard\libgcc.a
LOAD C:/ST/STM32CubeIDE_1.14.1/STM32CubeIDE/plugins/com.st.stm32cube.ide.mcu.externaltools.gnu-tools-for-stm32.12.3.rel1.win32_1.0.100.202403111256/tools/bin/../lib/gcc/arm-none-eabi/12.3.1/../../../../arm-none-eabi/lib/thumb/v7e-m+fp/hard\libc_nano.a
LOAD C:/ST/STM32CubeIDE_1.14.1/STM32CubeIDE/plugins/com.st.stm32cube.ide.mcu.externaltools.gnu-tools-for-stm32.12.3.rel1.win32_1.0.100.202403111256/tools/bin/../lib/gcc/arm-none-eabi/12.3.1/../../../../arm-none-eabi/lib/thumb/v7e-m+fp/hard\libnosys.a
END GROUP
LOAD C:/ST/STM32CubeIDE_1.14.1/STM32CubeIDE/plugins/com.st.stm32cube.ide.mcu.externaltools.gnu-tools-for-stm32.12.3.rel1.win32_1.0.100.202403111256/tools/bin/../lib/gcc/arm-none-eabi/12.3.1/thumb/v7e-m+fp/hard/crtend.o
LOAD C:/ST/STM32CubeIDE_1.14.1/STM32CubeIDE/plugins/com.st.stm32cube.ide.mcu.externaltools.gnu-tools-for-stm32.12.3.rel1.win32_1.0.100.202403111256/tools/bin/../lib/gcc/arm-none-eabi/12.3.1/thumb/v7e-m+fp/hard/crtn.o
                0x2000a000                        _estack = (ORIGIN (RAM) + LENGTH (RAM))
                0x00000200                        _Min_Heap_Size = 0x200
                0x00000400                        _Min_Stack_Size = 0x400

.isr_vector     0x08000000      0x194
                0x08000000                        . = ALIGN (0x4)
 *(.isr_vector)
 .isr_vector    0x08000000      0x194 ./Startup/startup_stm32f303vctx.o
                0x08000000                g_pfnVectors
                0x08000194                        . = ALIGN (0x4)

.text           0x08000194      0x2ac
                0x08000194                        . = ALIGN (0x4)
 *(.text)
 .text          0x08000194       0x40 C:/ST/STM32CubeIDE_1.14.1/STM32CubeIDE/plugins/com.st.stm32cube.ide.mcu.externaltools.gnu-tools-for-stm32.12.3.rel1.win32_1.0.100.202403111256/tools/bin/../lib/gcc/arm-none-eabi/12.3.1/thumb/v7e-m+fp/hard/crtbegin.o
 *(.text*)
 .text.enable_clocks
                0x080001d4       0x20 ./Src/initialisation.o
                0x080001d4                enable_clocks
 .text.initialise_board
                0x080001f4       0x24 ./Src/initialisation.o
                0x080001f4                initialise_board
 .text.__NVIC_EnableIRQ
                0x08000218       0x3c ./Src/main.o
 .text.__NVIC_SetPriority
                0x08000254       0x54 ./Src/main.o
 .text.EXTI0_IRQHandler
                0x080002a8       0x2c ./Src/main.o
                0x080002a8                EXTI0_IRQHandler
 .text.enable_interrupt_button
                0x080002d4       0x54 ./Src/main.o
                0x080002d4                enable_interrupt_button
 .text.modify_leds
                0x08000328       0x40 ./Src/main.o
                0x08000328                modify_leds
 .text.main     0x08000368       0x24 ./Src/main.o
                0x08000368                main
 .text.Reset_Handler
                0x0800038c       0x50 ./Startup/startup_stm32f303vctx.o
                0x0800038c                Reset_Handler
 .text.Default_Handler
                0x080003dc        0x2 ./Startup/startup_stm32f303vctx.o
                0x080003dc                TIM8_TRG_COM_IRQHandler
                0x080003dc                TIM8_CC_IRQHandler
                0x080003dc                DebugMon_Handler
                0x080003dc                DMA1_CH4_IRQHandler
                0x080003dc                SPI4_IRQHandler
                0x080003dc                TIM1_CC_IRQHandler
                0x080003dc                HardFault_Handler
                0x080003dc                USB_HP_IRQHandler
                0x080003dc                I2C2_EV_EXTI24_IRQHandler
                0x080003dc                SysTick_Handler
                0x080003dc                USB_WKUP_EXTI_IRQHandler
                0x080003dc                PVD_IRQHandler
                0x080003dc                UART4_EXTI34_IRQHandler
                0x080003dc                TAMP_STAMP_IRQHandler
                0x080003dc                PendSV_Handler
                0x080003dc                NMI_Handler
                0x080003dc                EXTI3_IRQHandler
                0x080003dc                I2C3_ER_IRQHandler
                0x080003dc                TIM6_DACUNDER_IRQHandler
                0x080003dc                USB_HP_CAN_TX_IRQHandler
                0x080003dc                DMA2_CH1_IRQHandler
                0x080003dc                TIM1_UP_TIM16_IRQHandler
                0x080003dc                UsageFault_Handler
                0x080003dc                ADC1_2_IRQHandler
                0x080003dc                SPI1_IRQHandler
                0x080003dc                CAN_SCE_IRQHandler
                0x080003dc                DMA1_CH7_IRQHandler
                0x080003dc                TIM8_UP_IRQHandler
                0x080003dc                COMP456_IRQHandler
                0x080003dc                DMA1_CH6_IRQHandler
                0x080003dc                TIM20_TRG_COM_IRQHandler
                0x080003dc                ADC3_IRQHandler
                0x080003dc                TIM4_IRQHandler
                0x080003dc                CAN_RX1_IRQHandler
                0x080003dc                USART1_EXTI25_IRQHandler
                0x080003dc                DMA2_CH5_IRQHandler
                0x080003dc                I2C1_EV_EXTI23_IRQHandler
                0x080003dc                DMA1_CH3_IRQHandler
                0x080003dc                TIM3_IRQHandler
                0x080003dc                RCC_IRQHandler
                0x080003dc                TIM20_UP_IRQHandler
                0x080003dc                Default_Handler
                0x080003dc                EXTI15_10_IRQHandler
                0x080003dc                USART2_EXTI26_IRQHandler
                0x080003dc                USART3_EXTI28_IRQHandler
                0x080003dc                TIM7_IRQHandler
                0x080003dc                I2C3_EV_IRQHandler
                0x080003dc                EXTI9_5_IRQHandler
                0x080003dc                DMA1_CH2_IRQHandler
                0x080003dc                RTC_WKUP_IRQHandler
                0x080003dc                SPI2_IRQHandler
                0x080003dc                DMA1_CH1_IRQHandler
                0x080003dc                USB_LP_CAN_RX0_IRQHandler
                0x080003dc                MemManage_Handler
                0x080003dc                COMP123_IRQHandler
                0x080003dc                SVC_Handler
                0x080003dc                USB_LP_IRQHandler
                0x080003dc                EXTI4_IRQHandler
                0x080003dc                TIM1_TRG_COM_TIM17_IRQHandler
                0x080003dc                ADC4_IRQHandler
                0x080003dc                WWDG_IRQHandler
                0x080003dc                TIM2_IRQHandler
                0x080003dc                COMP7_IRQHandler
                0x080003dc                EXTI1_IRQHandler
                0x080003dc                RTCAlarm_IRQHandler
                0x080003dc                UART5_EXTI35_IRQHandler
                0x080003dc                TIM20_BRK_IRQHandler
                0x080003dc                I2C2_ER_IRQHandler
                0x080003dc                TIM8_BRK_IRQHandler
                0x080003dc                FLASH_IRQHandler
                0x080003dc                TIM20_CC_IRQHandler
                0x080003dc                BusFault_Handler
                0x080003dc                SPI3_IRQHandler
                0x080003dc                DMA2_CH3_IRQHandler
                0x080003dc                DMA2_CH2_IRQHandler
                0x080003dc                I2C1_ER_IRQHandler
                0x080003dc                FMC_IRQHandler
                0x080003dc                DMA1_CH5_IRQHandler
                0x080003dc                DMA2_CH4_IRQHandler
                0x080003dc                USB_WKUP_IRQHandler
                0x080003dc                EXTI2_TSC_IRQHandler
                0x080003dc                TIM1_BRK_TIM15_IRQHandler
 *fill*         0x080003de        0x2 
 .text.__libc_init_array
                0x080003e0       0x48 C:/ST/STM32CubeIDE_1.14.1/STM32CubeIDE/plugins/com.st.stm32cube.ide.mcu.externaltools.gnu-tools-for-stm32.12.3.rel1.win32_1.0.100.202403111256/tools/bin/../lib/gcc/arm-none-eabi/12.3.1/../../../../arm-none-eabi/lib/thumb/v7e-m+fp/hard\libc_nano.a(libc_a-init.o)
                0x080003e0                __libc_init_array
 *(.glue_7)
 .glue_7        0x08000428        0x0 linker stubs
 *(.glue_7t)
 .glue_7t       0x08000428        0x0 linker stubs
 *(.eh_frame)
 .eh_frame      0x08000428        0x0 C:/ST/STM32CubeIDE_1.14.1/STM32CubeIDE/plugins/com.st.stm32cube.ide.mcu.externaltools.gnu-tools-for-stm32.12.3.rel1.win32_1.0.100.202403111256/tools/bin/../lib/gcc/arm-none-eabi/12.3.1/thumb/v7e-m+fp/hard/crtbegin.o
 *(.init)
 .init          0x08000428        0x4 C:/ST/STM32CubeIDE_1.14.1/STM32CubeIDE/plugins/com.st.stm32cube.ide.mcu.externaltools.gnu-tools-for-stm32.12.3.rel1.win32_1.0.100.202403111256/tools/bin/../lib/gcc/arm-none-eabi/12.3.1/thumb/v7e-m+fp/hard/crti.o
                0x08000428                _init
 .init          0x0800042c        0x8 C:/ST/STM32CubeIDE_1.14.1/STM32CubeIDE/plugins/com.st.stm32cube.ide.mcu.externaltools.gnu-tools-for-stm32.12.3.rel1.win32_1.0.100.202403111256/tools/bin/../lib/gcc/arm-none-eabi/12.3.1/thumb/v7e-m+fp/hard/crtn.o
 *(.fini)
 .fini          0x08000434        0x4 C:/ST/STM32CubeIDE_1.14.1/STM32CubeIDE/plugins/com.st.stm32cube.ide.mcu.externaltools.gnu-tools-for-stm32.12.3.rel1.win32_1.0.100.202403111256/tools/bin/../lib/gcc/arm-none-eabi/12.3.1/thumb/v7e-m+fp/hard/crti.o
                0x08000434                _fini
 .fini          0x08000438        0x8 C:/ST/STM32CubeIDE_1.14.1/STM32CubeIDE/plugins/com.st.stm32cube.ide.mcu.externaltools.gnu-tools-for-stm32.12.3.rel1.win32_1.0.100.202403111256/tools/bin/../lib/gcc/arm-none-eabi/12.3.1/thumb/v7e-m+fp/hard/crtn.o
                0x08000440                        . = ALIGN (0x4)
                0x08000440                        _etext = .

.vfp11_veneer   0x08000440        0x0
 .vfp11_veneer  0x08000440        0x0 linker stubs

.v4_bx          0x08000440        0x0
 .v4_bx         0x08000440        0x0 linker stubs

.iplt           0x08000440        0x0
 .iplt          0x08000440        0x0 C:/ST/STM32CubeIDE_1.14.1/STM32CubeIDE/plugins/com.st.stm32cube.ide.mcu.externaltools.gnu-tools-for-stm32.12.3.rel1.win32_1.0.100.202403111256/tools/bin/../lib/gcc/arm-none-eabi/12.3.1/thumb/v7e-m+fp/hard/crtbegin.o

.rodata         0x08000440        0x0
                0x08000440                        . = ALIGN (0x4)
 *(.rodata)
 *(.rodata*)
                0x08000440                        . = ALIGN (0x4)

.ARM.extab      0x08000440        0x0
                0x08000440                        . = ALIGN (0x4)
 *(.ARM.extab* .gnu.linkonce.armextab.*)
                0x08000440                        . = ALIGN (0x4)

.ARM            0x08000440        0x0
                0x08000440                        . = ALIGN (0x4)
                0x08000440                        __exidx_start = .
 *(.ARM.exidx*)
                0x08000440                        __exidx_end = .
                0x08000440                        . = ALIGN (0x4)

.preinit_array  0x08000440        0x0
                0x08000440                        . = ALIGN (0x4)
                0x08000440                        PROVIDE (__preinit_array_start = .)
 *(.preinit_array*)
                0x08000440                        PROVIDE (__preinit_array_end = .)
                0x08000440                        . = ALIGN (0x4)

.init_array     0x08000440        0x4
                0x08000440                        . = ALIGN (0x4)
                0x08000440                        PROVIDE (__init_array_start = .)
 *(SORT_BY_NAME(.init_array.*))
 *(.init_array*)
 .init_array    0x08000440        0x4 C:/ST/STM32CubeIDE_1.14.1/STM32CubeIDE/plugins/com.st.stm32cube.ide.mcu.externaltools.gnu-tools-for-stm32.12.3.rel1.win32_1.0.100.202403111256/tools/bin/../lib/gcc/arm-none-eabi/12.3.1/thumb/v7e-m+fp/hard/crtbegin.o
                0x08000444                        PROVIDE (__init_array_end = .)
                0x08000444                        . = ALIGN (0x4)

.fini_array     0x08000444        0x4
                0x08000444                        . = ALIGN (0x4)
                [!provide]                        PROVIDE (__fini_array_start = .)
 *(SORT_BY_NAME(.fini_array.*))
 *(.fini_array*)
 .fini_array    0x08000444        0x4 C:/ST/STM32CubeIDE_1.14.1/STM32CubeIDE/plugins/com.st.stm32cube.ide.mcu.externaltools.gnu-tools-for-stm32.12.3.rel1.win32_1.0.100.202403111256/tools/bin/../lib/gcc/arm-none-eabi/12.3.1/thumb/v7e-m+fp/hard/crtbegin.o
                [!provide]                        PROVIDE (__fini_array_end = .)
                0x08000448                        . = ALIGN (0x4)
                0x08000448                        _sidata = LOADADDR (.data)

.rel.dyn        0x08000448        0x0
 .rel.iplt      0x08000448        0x0 C:/ST/STM32CubeIDE_1.14.1/STM32CubeIDE/plugins/com.st.stm32cube.ide.mcu.externaltools.gnu-tools-for-stm32.12.3.rel1.win32_1.0.100.202403111256/tools/bin/../lib/gcc/arm-none-eabi/12.3.1/thumb/v7e-m+fp/hard/crtbegin.o

.data           0x20000000        0x0 load address 0x08000448
                0x20000000                        . = ALIGN (0x4)
                0x20000000                        _sdata = .
 *(.data)
 *(.data*)
 *(.RamFunc)
 *(.RamFunc*)
                0x20000000                        . = ALIGN (0x4)
                0x20000000                        _edata = .
                0x08000448                        _siccmram = LOADADDR (.ccmram)

.igot.plt       0x20000000        0x0 load address 0x08000448
 .igot.plt      0x20000000        0x0 C:/ST/STM32CubeIDE_1.14.1/STM32CubeIDE/plugins/com.st.stm32cube.ide.mcu.externaltools.gnu-tools-for-stm32.12.3.rel1.win32_1.0.100.202403111256/tools/bin/../lib/gcc/arm-none-eabi/12.3.1/thumb/v7e-m+fp/hard/crtbegin.o

.ccmram         0x10000000        0x0 load address 0x08000448
                0x10000000                        . = ALIGN (0x4)
                0x10000000                        _sccmram = .
 *(.ccmram)
 *(.ccmram*)
                0x10000000                        . = ALIGN (0x4)
                0x10000000                        _eccmram = .
                0x10000000                        . = ALIGN (0x4)

.bss            0x20000000       0x20
                0x20000000                        _sbss = .
                0x20000000                        __bss_start__ = _sbss
 *(.bss)
 .bss           0x20000000       0x1c C:/ST/STM32CubeIDE_1.14.1/STM32CubeIDE/plugins/com.st.stm32cube.ide.mcu.externaltools.gnu-tools-for-stm32.12.3.rel1.win32_1.0.100.202403111256/tools/bin/../lib/gcc/arm-none-eabi/12.3.1/thumb/v7e-m+fp/hard/crtbegin.o
 *(.bss*)
 .bss.button_pressed
                0x2000001c        0x4 ./Src/main.o
                0x2000001c                button_pressed
 *(COMMON)
                0x20000020                        . = ALIGN (0x4)
                0x20000020                        _ebss = .
                0x20000020                        __bss_end__ = _ebss

._user_heap_stack
                0x20000020      0x600
                0x20000020                        . = ALIGN (0x8)
                [!provide]                        PROVIDE (end = .)
                0x20000020                        PROVIDE (_end = .)
                0x20000220                        . = (. + _Min_Heap_Size)
 *fill*         0x20000020      0x200 
                0x20000620                        . = (. + _Min_Stack_Size)
 *fill*         0x20000220      0x400 
                0x20000620                        . = ALIGN (0x8)

/DISCARD/
 libc.a(*)
 libm.a(*)
 libgcc.a(*)

.ARM.attributes
                0x00000000       0x30
 *(.ARM.attributes)
 .ARM.attributes
                0x00000000       0x22 C:/ST/STM32CubeIDE_1.14.1/STM32CubeIDE/plugins/com.st.stm32cube.ide.mcu.externaltools.gnu-tools-for-stm32.12.3.rel1.win32_1.0.100.202403111256/tools/bin/../lib/gcc/arm-none-eabi/12.3.1/thumb/v7e-m+fp/hard/crti.o
 .ARM.attributes
                0x00000022       0x34 C:/ST/STM32CubeIDE_1.14.1/STM32CubeIDE/plugins/com.st.stm32cube.ide.mcu.externaltools.gnu-tools-for-stm32.12.3.rel1.win32_1.0.100.202403111256/tools/bin/../lib/gcc/arm-none-eabi/12.3.1/thumb/v7e-m+fp/hard/crtbegin.o
 .ARM.attributes
                0x00000056       0x34 ./Src/initialisation.o
 .ARM.attributes
                0x0000008a       0x34 ./Src/main.o
 .ARM.attributes
                0x000000be       0x21 ./Startup/startup_stm32f303vctx.o
 .ARM.attributes
                0x000000df       0x34 C:/ST/STM32CubeIDE_1.14.1/STM32CubeIDE/plugins/com.st.stm32cube.ide.mcu.externaltools.gnu-tools-for-stm32.12.3.rel1.win32_1.0.100.202403111256/tools/bin/../lib/gcc/arm-none-eabi/12.3.1/../../../../arm-none-eabi/lib/thumb/v7e-m+fp/hard\libc_nano.a(libc_a-init.o)
 .ARM.attributes
                0x00000113       0x22 C:/ST/STM32CubeIDE_1.14.1/STM32CubeIDE/plugins/com.st.stm32cube.ide.mcu.externaltools.gnu-tools-for-stm32.12.3.rel1.win32_1.0.100.202403111256/tools/bin/../lib/gcc/arm-none-eabi/12.3.1/thumb/v7e-m+fp/hard/crtn.o
OUTPUT(CLab_ex1.elf elf32-littlearm)
LOAD linker stubs
LOAD C:/ST/STM32CubeIDE_1.14.1/STM32CubeIDE/plugins/com.st.stm32cube.ide.mcu.externaltools.gnu-tools-for-stm32.12.3.rel1.win32_1.0.100.202403111256/tools/bin/../lib/gcc/arm-none-eabi/12.3.1/../../../../arm-none-eabi/lib/thumb/v7e-m+fp/hard\libc.a
LOAD C:/ST/STM32CubeIDE_1.14.1/STM32CubeIDE/plugins/com.st.stm32cube.ide.mcu.externaltools.gnu-tools-for-stm32.12.3.rel1.win32_1.0.100.202403111256/tools/bin/../lib/gcc/arm-none-eabi/12.3.1/../../../../arm-none-eabi/lib/thumb/v7e-m+fp/hard\libm.a
LOAD C:/ST/STM32CubeIDE_1.14.1/STM32CubeIDE/plugins/com.st.stm32cube.ide.mcu.externaltools.gnu-tools-for-stm32.12.3.rel1.win32_1.0.100.202403111256/tools/bin/../lib/gcc/arm-none-eabi/12.3.1/thumb/v7e-m+fp/hard\libgcc.a

.debug_info     0x00000000      0xbce
 .debug_info    0x00000000      0x236 ./Src/initialisation.o
 .debug_info    0x00000236      0x968 ./Src/main.o
 .debug_info    0x00000b9e       0x30 ./Startup/startup_stm32f303vctx.o

.debug_abbrev   0x00000000      0x30d
 .debug_abbrev  0x00000000       0xe5 ./Src/initialisation.o
 .debug_abbrev  0x000000e5      0x204 ./Src/main.o
 .debug_abbrev  0x000002e9       0x24 ./Startup/startup_stm32f303vctx.o

.debug_aranges  0x00000000       0x98
 .debug_aranges
                0x00000000       0x28 ./Src/initialisation.o
 .debug_aranges
                0x00000028       0x48 ./Src/main.o
 .debug_aranges
                0x00000070       0x28 ./Startup/startup_stm32f303vctx.o

.debug_rnglists
                0x00000000       0x63
 .debug_rnglists
                0x00000000       0x19 ./Src/initialisation.o
 .debug_rnglists
                0x00000019       0x31 ./Src/main.o
 .debug_rnglists
                0x0000004a       0x19 ./Startup/startup_stm32f303vctx.o

.debug_macro    0x00000000    0x15903
 .debug_macro   0x00000000       0xc9 ./Src/initialisation.o
 .debug_macro   0x000000c9      0xac0 ./Src/initialisation.o
 .debug_macro   0x00000b89       0x22 ./Src/initialisation.o
 .debug_macro   0x00000bab       0x8e ./Src/initialisation.o
 .debug_macro   0x00000c39       0x51 ./Src/initialisation.o
 .debug_macro   0x00000c8a      0x103 ./Src/initialisation.o
 .debug_macro   0x00000d8d       0x6a ./Src/initialisation.o
 .debug_macro   0x00000df7      0x1df ./Src/initialisation.o
 .debug_macro   0x00000fd6       0x28 ./Src/initialisation.o
 .debug_macro   0x00000ffe       0x1c ./Src/initialisation.o
 .debug_macro   0x0000101a       0x22 ./Src/initialisation.o
 .debug_macro   0x0000103c       0xd9 ./Src/initialisation.o
 .debug_macro   0x00001115     0x102d ./Src/initialisation.o
 .debug_macro   0x00002142      0x11f ./Src/initialisation.o
 .debug_macro   0x00002261    0x12a3a ./Src/initialisation.o
 .debug_macro   0x00014c9b      0x1a6 ./Src/main.o
 .debug_macro   0x00014e41       0x61 ./Src/main.o
 .debug_macro   0x00014ea2       0x2a ./Src/main.o
 .debug_macro   0x00014ecc       0x43 ./Src/main.o
 .debug_macro   0x00014f0f       0x34 ./Src/main.o
 .debug_macro   0x00014f43       0x16 ./Src/main.o
 .debug_macro   0x00014f59       0x9e ./Src/main.o
 .debug_macro   0x00014ff7      0x369 ./Src/main.o
 .debug_macro   0x00015360      0x10b ./Src/main.o
 .debug_macro   0x0001546b       0x10 ./Src/main.o
 .debug_macro   0x0001547b       0x16 ./Src/main.o
 .debug_macro   0x00015491       0x43 ./Src/main.o
 .debug_macro   0x000154d4       0x34 ./Src/main.o
 .debug_macro   0x00015508       0x10 ./Src/main.o
 .debug_macro   0x00015518       0x58 ./Src/main.o
 .debug_macro   0x00015570       0x8e ./Src/main.o
 .debug_macro   0x000155fe       0x1c ./Src/main.o
 .debug_macro   0x0001561a      0x177 ./Src/main.o
 .debug_macro   0x00015791       0x16 ./Src/main.o
 .debug_macro   0x000157a7       0x16 ./Src/main.o
 .debug_macro   0x000157bd      0x146 ./Src/main.o

.debug_line     0x00000000      0xcfb
 .debug_line    0x00000000      0x518 ./Src/initialisation.o
 .debug_line    0x00000518      0x768 ./Src/main.o
 .debug_line    0x00000c80       0x7b ./Startup/startup_stm32f303vctx.o

.debug_str      0x00000000    0x760ab
 .debug_str     0x00000000    0x721a1 ./Src/initialisation.o
                              0x72313 (size before relaxing)
 .debug_str     0x000721a1     0x3ecb ./Src/main.o
                              0x7636d (size before relaxing)
 .debug_str     0x0007606c       0x3f ./Startup/startup_stm32f303vctx.o
                                 0x6a (size before relaxing)

.comment        0x00000000       0x43
 .comment       0x00000000       0x43 ./Src/initialisation.o
                                 0x44 (size before relaxing)
 .comment       0x00000043       0x44 ./Src/main.o

.debug_frame    0x00000000      0x160
 .debug_frame   0x00000000       0x58 ./Src/initialisation.o
 .debug_frame   0x00000058       0xdc ./Src/main.o
 .debug_frame   0x00000134       0x2c C:/ST/STM32CubeIDE_1.14.1/STM32CubeIDE/plugins/com.st.stm32cube.ide.mcu.externaltools.gnu-tools-for-stm32.12.3.rel1.win32_1.0.100.202403111256/tools/bin/../lib/gcc/arm-none-eabi/12.3.1/../../../../arm-none-eabi/lib/thumb/v7e-m+fp/hard\libc_nano.a(libc_a-init.o)

.debug_line_str
                0x00000000       0x4e
 .debug_line_str
                0x00000000       0x4e ./Startup/startup_stm32f303vctx.o
